
> ksef-insert-integration@0.1.0 test
> vitest --run


[7m[1m[36m RUN [39m[22m[27m [36mv1.6.1[39m [90mC:/Users/Thevu/Desktop/123/ksef/KSeF--Insert[39m

[90mstdout[2m | tests/storage/file-manager.test.ts[2m > [22m[2mIndex Tracker (index-tracker.ts)[2m > [22m[2mshould create new index when file does not exist[22m[39m
[INFO] Index file does not exist, creating new index 

[90mstdout[2m | tests/storage/file-manager.test.ts[2m > [22m[2mIndex Tracker (index-tracker.ts)[2m > [22m[2mshould load existing index from disk[22m[39m
[INFO] Index file does not exist, creating new index 

[90mstdout[2m | tests/storage/file-manager.test.ts[2m > [22m[2mIndex Tracker (index-tracker.ts)[2m > [22m[2mshould load existing index from disk[22m[39m
[INFO] Saved invoice index: 1 entries 

[90mstdout[2m | tests/storage/file-manager.test.ts[2m > [22m[2mIndex Tracker (index-tracker.ts)[2m > [22m[2mshould load existing index from disk[22m[39m
[INFO] Loaded invoice index: 1 entries 

[90mstdout[2m | tests/storage/file-manager.test.ts[2m > [22m[2mIndex Tracker (index-tracker.ts)[2m > [22m[2mshould detect duplicate invoices[22m[39m
[INFO] Index file does not exist, creating new index 

[90mstdout[2m | tests/storage/file-manager.test.ts[2m > [22m[2mIndex Tracker (index-tracker.ts)[2m > [22m[2mshould save index with pretty print[22m[39m
[INFO] Index file does not exist, creating new index 

[90mstdout[2m | tests/storage/file-manager.test.ts[2m > [22m[2mIndex Tracker (index-tracker.ts)[2m > [22m[2mshould save index with pretty print[22m[39m
[INFO] Saved invoice index: 1 entries 

[90mstdout[2m | tests/storage/file-manager.test.ts[2m > [22m[2mIndex Tracker (index-tracker.ts)[2m > [22m[2mshould handle empty batch gracefully[22m[39m
[INFO] Index file does not exist, creating new index 

[90mstdout[2m | tests/storage/file-manager.test.ts[2m > [22m[2mIndex Tracker (index-tracker.ts)[2m > [22m[2mshould handle empty batch gracefully[22m[39m
[INFO] Saved invoice index: 0 entries 

[90mstdout[2m | tests/storage/file-manager.test.ts[2m > [22m[2mIndex Tracker (index-tracker.ts)[2m > [22m[2mshould get entries by date range[22m[39m
[INFO] Index file does not exist, creating new index 

[90mstdout[2m | tests/storage/file-manager.test.ts[2m > [22m[2mIndex Tracker (index-tracker.ts)[2m > [22m[2mshould remove entries from index[22m[39m
[INFO] Index file does not exist, creating new index 

[90mstdout[2m | tests/storage/file-manager.test.ts[2m > [22m[2mInvoice File Manager (file-manager.ts)[2m > [22m[2mSingle Invoice Save[2m > [22m[2mshould save single invoice to correct location[22m[39m
[INFO] InvoiceFileManager initialized with output dir: C:\Users\Thevu\AppData\Local\Temp\ksef-test-MKfchA 

[90mstdout[2m | tests/storage/file-manager.test.ts[2m > [22m[2mInvoice File Manager (file-manager.ts)[2m > [22m[2mSingle Invoice Save[2m > [22m[2mshould save single invoice to correct location[22m[39m
[INFO] Index file does not exist, creating new index 
[INFO] Loaded 0 invoices from index, last sync: 2026-04-19T09:02:23.986Z 
[INFO] Saving invoice: 1234567890-20240115-ABC123 

[90mstdout[2m | tests/storage/file-manager.test.ts[2m > [22m[2mInvoice File Manager (file-manager.ts)[2m > [22m[2mSingle Invoice Save[2m > [22m[2mshould save single invoice to correct location[22m[39m
[INFO] Saved invoice to: C:\Users\Thevu\AppData\Local\Temp\ksef-test-MKfchA\2024-01\zakup\2024-01-15_5213000001_1234567890-20240115-ABC123.xml 

[90mstdout[2m | tests/storage/file-manager.test.ts[2m > [22m[2mInvoice File Manager (file-manager.ts)[2m > [22m[2mSingle Invoice Save[2m > [22m[2mshould save single invoice to correct location[22m[39m
[INFO] Saved invoice index: 1 entries 

[90mstdout[2m | tests/storage/file-manager.test.ts[2m > [22m[2mInvoice File Manager (file-manager.ts)[2m > [22m[2mSingle Invoice Save[2m > [22m[2mshould create nested folder structure[22m[39m
[INFO] InvoiceFileManager initialized with output dir: C:\Users\Thevu\AppData\Local\Temp\ksef-test-ZcHxlW 
[INFO] Index file does not exist, creating new index 
[INFO] Loaded 0 invoices from index, last sync: 2026-04-19T09:02:24.010Z 
[INFO] Saving invoice: 1234567890-20240115-ABC123 

[90mstdout[2m | tests/storage/file-manager.test.ts[2m > [22m[2mInvoice File Manager (file-manager.ts)[2m > [22m[2mSingle Invoice Save[2m > [22m[2mshould create nested folder structure[22m[39m
[INFO] Saved invoice to: C:\Users\Thevu\AppData\Local\Temp\ksef-test-ZcHxlW\2024-01\zakup\2024-01-15_5213000001_1234567890-20240115-ABC123.xml 

[90mstdout[2m | tests/storage/file-manager.test.ts[2m > [22m[2mInvoice File Manager (file-manager.ts)[2m > [22m[2mSingle Invoice Save[2m > [22m[2mshould create nested folder structure[22m[39m
[INFO] Saved invoice index: 1 entries 

 [32mÔťô[39m tests/ksef/client.test.ts [2m ([22m[2m20 tests[22m[2m)[22m[90m 98[2mms[22m[39m
[90mstdout[2m | tests/ksef/client.test.ts[2m > [22m[2mKsefClient[2m > [22m[2mAuthentication[2m > [22m[2mshould authenticate successfully with valid credentials[22m[39m
[INFO] Authenticating KSeF with NIP: 1234567890 
[INFO] Authentication successful. Session: ref-123 

[90mstdout[2m | tests/ksef/client.test.ts[2m > [22m[2mKsefClient[2m > [22m[2mAuthentication[2m > [22m[2mshould throw KsefAuthError when authentication fails with 401[22m[39m
[INFO] Authenticating KSeF with NIP: 1234567890 

[90mstdout[2m | tests/ksef/client.test.ts[2m > [22m[2mKsefClient[2m > [22m[2mAuthentication[2m > [22m[2mshould throw KsefAuthError on invalid response format[22m[39m
[INFO] Authenticating KSeF with NIP: 1234567890 

[90mstdout[2m | tests/ksef/client.test.ts[2m > [22m[2mKsefClient[2m > [22m[2mSession Management[2m > [22m[2mshould check if session is valid[22m[39m
[INFO] Authenticating KSeF with NIP: 1234567890 
[INFO] Authentication successful. Session: ref-123 

[90mstdout[2m | tests/ksef/client.test.ts[2m > [22m[2mKsefClient[2m > [22m[2mSession Management[2m > [22m[2mshould terminate session successfully[22m[39m
[INFO] Authenticating KSeF with NIP: 1234567890 
[INFO] Authentication successful. Session: ref-123 
[INFO] Terminating session: ref-123 
[INFO] Session terminated 

[90mstdout[2m | tests/ksef/client.test.ts[2m > [22m[2mKsefClient[2m > [22m[2mSession Management[2m > [22m[2mshould throw error when terminating without session[22m[39m
[INFO] Authenticating KSeF with NIP: 1234567890 
[INFO] Authentication successful. Session: ref-123 

[90mstdout[2m | tests/ksef/client.test.ts[2m > [22m[2mKsefClient[2m > [22m[2mRetry Logic[2m > [22m[2mshould not retry on 4xx errors except 403[22m[39m
[INFO] Authenticating KSeF with NIP: 1234567890 
[INFO] Authentication successful. Session: ref-123 
[INFO] Sending invoice to KSeF 

[90mstdout[2m | tests/ksef/client.test.ts[2m > [22m[2mKsefClient[2m > [22m[2mRetry Logic[2m > [22m[2mshould not retry on 403 immediately after session clear[22m[39m
[INFO] Authenticating KSeF with NIP: 1234567890 
[INFO] Authentication successful. Session: ref-123 
[INFO] Sending invoice to KSeF 

[90mstdout[2m | tests/ksef/client.test.ts[2m > [22m[2mKsefClient[2m > [22m[2mInvoice Operations[2m > [22m[2mshould send invoice successfully[22m[39m
[INFO] Authenticating KSeF with NIP: 1234567890 
[INFO] Authentication successful. Session: ref-123 
[INFO] Sending invoice to KSeF 
[INFO] Invoice sent successfully: ref-456 

[90mstdout[2m | tests/ksef/client.test.ts[2m > [22m[2mKsefClient[2m > [22m[2mInvoice Operations[2m > [22m[2mshould throw error when sending with invalid response[22m[39m
[INFO] Authenticating KSeF with NIP: 1234567890 
[INFO] Authentication successful. Session: ref-123 
[INFO] Sending invoice to KSeF 

[90mstdout[2m | tests/ksef/client.test.ts[2m > [22m[2mKsefClient[2m > [22m[2mInvoice Operations[2m > [22m[2mshould get invoice by KSeF number[22m[39m
[INFO] Authenticating KSeF with NIP: 1234567890 
[INFO] Authentication successful. Session: ref-123 
[INFO] Fetching invoice from KSeF: KSEF001 
[INFO] Invoice fetched successfully: KSEF001 

[90mstdout[2m | tests/ksef/client.test.ts[2m > [22m[2mKsefClient[2m > [22m[2mInvoice Operations[2m > [22m[2mshould throw error when getting invoice with no KSeF number[22m[39m
[INFO] Authenticating KSeF with NIP: 1234567890 
[INFO] Authentication successful. Session: ref-123 

[90mstdout[2m | tests/ksef/client.test.ts[2m > [22m[2mKsefClient[2m > [22m[2mInvoice Operations[2m > [22m[2mshould query invoices with pagination[22m[39m
[INFO] Authenticating KSeF with NIP: 1234567890 
[INFO] Authentication successful. Session: ref-123 
[INFO] Querying invoices: pageSize=100, pageOffset=0 
[INFO] Query completed: 1 invoices found (page 0) 

[90mstdout[2m | tests/ksef/client.test.ts[2m > [22m[2mKsefClient[2m > [22m[2mInvoice Operations[2m > [22m[2mshould get invoice status[22m[39m
[INFO] Authenticating KSeF with NIP: 1234567890 
[INFO] Authentication successful. Session: ref-123 
[INFO] Fetching invoice status: ref-456 
[INFO] Invoice status: 200 

[90mstdout[2m | tests/ksef/client.test.ts[2m > [22m[2mKsefClient[2m > [22m[2mInvoice Operations[2m > [22m[2mshould throw error when getting status without reference number[22m[39m
[INFO] Authenticating KSeF with NIP: 1234567890 
[INFO] Authentication successful. Session: ref-123 

[90mstdout[2m | tests/ksef/client.test.ts[2m > [22m[2mKsefClient[2m > [22m[2mError Handling[2m > [22m[2mshould handle network errors correctly[22m[39m
[INFO] Authenticating KSeF with NIP: 1234567890 

[90mstdout[2m | tests/ksef/client.test.ts[2m > [22m[2mKsefClient[2m > [22m[2mError Handling[2m > [22m[2mshould include error details in KsefApiError[22m[39m
[INFO] Authenticating KSeF with NIP: invalid 

[90mstdout[2m | tests/ksef/client.test.ts[2m > [22m[2mKsefClient[2m > [22m[2mList Active Sessions[2m > [22m[2mshould list active sessions[22m[39m
[INFO] Authenticating KSeF with NIP: 1234567890 
[INFO] Authentication successful. Session: ref-123 
[INFO] Listing active sessions 
[INFO] Found 1 active sessions 

[90mstdout[2m | tests/storage/file-manager.test.ts[2m > [22m[2mInvoice File Manager (file-manager.ts)[2m > [22m[2mSingle Invoice Save[2m > [22m[2mshould write XML content exactly as provided[22m[39m
[INFO] InvoiceFileManager initialized with output dir: C:\Users\Thevu\AppData\Local\Temp\ksef-test-k2miJR 

[90mstdout[2m | tests/storage/file-manager.test.ts[2m > [22m[2mInvoice File Manager (file-manager.ts)[2m > [22m[2mSingle Invoice Save[2m > [22m[2mshould write XML content exactly as provided[22m[39m
[INFO] Index file does not exist, creating new index 
[INFO] Loaded 0 invoices from index, last sync: 2026-04-19T09:02:24.064Z 
[INFO] Saving invoice: 1234567890-20240115-ABC123 

[90mstdout[2m | tests/storage/file-manager.test.ts[2m > [22m[2mInvoice File Manager (file-manager.ts)[2m > [22m[2mSingle Invoice Save[2m > [22m[2mshould write XML content exactly as provided[22m[39m
[INFO] Saved invoice to: C:\Users\Thevu\AppData\Local\Temp\ksef-test-k2miJR\2024-01\zakup\2024-01-15_5213000001_1234567890-20240115-ABC123.xml 

[90mstdout[2m | tests/storage/file-manager.test.ts[2m > [22m[2mInvoice File Manager (file-manager.ts)[2m > [22m[2mSingle Invoice Save[2m > [22m[2mshould write XML content exactly as provided[22m[39m
[INFO] Saved invoice index: 1 entries 

[90mstdout[2m | tests/storage/file-manager.test.ts[2m > [22m[2mInvoice File Manager (file-manager.ts)[2m > [22m[2mSingle Invoice Save[2m > [22m[2mshould detect duplicate and skip[22m[39m
[INFO] InvoiceFileManager initialized with output dir: C:\Users\Thevu\AppData\Local\Temp\ksef-test-sSa24t 

[90mstdout[2m | tests/storage/file-manager.test.ts[2m > [22m[2mInvoice File Manager (file-manager.ts)[2m > [22m[2mSingle Invoice Save[2m > [22m[2mshould detect duplicate and skip[22m[39m
[INFO] Index file does not exist, creating new index 
[INFO] Loaded 0 invoices from index, last sync: 2026-04-19T09:02:24.099Z 
[INFO] Saving invoice: 1234567890-20240115-ABC123 

[90mstdout[2m | tests/storage/file-manager.test.ts[2m > [22m[2mInvoice File Manager (file-manager.ts)[2m > [22m[2mSingle Invoice Save[2m > [22m[2mshould detect duplicate and skip[22m[39m
[INFO] Saved invoice to: C:\Users\Thevu\AppData\Local\Temp\ksef-test-sSa24t\2024-01\zakup\2024-01-15_5213000001_1234567890-20240115-ABC123.xml 

node.exe : [90mstderr[2m | tests/storage/file-manager.test.ts[2m > [22m[2m
Invoice File Manager (file-manager.ts)[2m > [22m[2mSingle Invoice Save[2m >
 [22m[2mshould detect duplicate and skip[22m[39m
At line:1 char:1
+ & "C:\Program Files\nodejs/node.exe" "C:\Program Files\nodejs/node_mo ...
+ ~~~~~~~~~~~~~~~~~~~~~~~~~~~~~~~~~~~~~~~~~~~~~~~~~~~~~~~~~~~~~~~~~~~~~
    + CategoryInfo          : NotSpecified: ([90mstderr[2m... skip[22m[39m 
   :String) [], RemoteException
    + FullyQualifiedErrorId : NativeCommandError
 
[WARN] Invoice 1234567890-20240115-ABC123 already exists, skipping 

[90mstdout[2m | tests/storage/file-manager.test.ts[2m > [22m[2mInvoice File Manager (file-manager.ts)[2m > [22m[2mSingle Invoice Save[2m > [22m[2mshould detect duplicate and skip[22m[39m
[INFO] Saved invoice index: 1 entries 
[INFO] Saving invoice: 1234567890-20240115-ABC123 

[90mstdout[2m | tests/storage/file-manager.test.ts[2m > [22m[2mInvoice File Manager (file-manager.ts)[2m > [22m[2mSingle Invoice Save[2m > [22m[2mshould handle sprzedaz folder type[22m[39m
[INFO] InvoiceFileManager initialized with output dir: C:\Users\Thevu\AppData\Local\Temp\ksef-test-NCKb4L 
[INFO] Index file does not exist, creating new index 
[INFO] Loaded 0 invoices from index, last sync: 2026-04-19T09:02:24.135Z 
[INFO] Saving invoice: 1234567890-20240115-ABC123 

[90mstdout[2m | tests/storage/file-manager.test.ts[2m > [22m[2mInvoice File Manager (file-manager.ts)[2m > [22m[2mSingle Invoice Save[2m > [22m[2mshould handle sprzedaz folder type[22m[39m
[INFO] Saved invoice to: C:\Users\Thevu\AppData\Local\Temp\ksef-test-NCKb4L\2024-01\sprzedaz\2024-01-15_5213000001_1234567890-20240115-ABC123.xml 

[90mstdout[2m | tests/storage/file-manager.test.ts[2m > [22m[2mInvoice File Manager (file-manager.ts)[2m > [22m[2mSingle Invoice Save[2m > [22m[2mshould handle sprzedaz folder type[22m[39m
[INFO] Saved invoice index: 1 entries 

[90mstdout[2m | tests/storage/file-manager.test.ts[2m > [22m[2mInvoice File Manager (file-manager.ts)[2m > [22m[2mSingle Invoice Save[2m > [22m[2mshould throw error if XML is empty[22m[39m
[INFO] InvoiceFileManager initialized with output dir: C:\Users\Thevu\AppData\Local\Temp\ksef-test-JNPw9w 

[90mstdout[2m | tests/storage/file-manager.test.ts[2m > [22m[2mInvoice File Manager (file-manager.ts)[2m > [22m[2mSingle Invoice Save[2m > [22m[2mshould throw error if XML is empty[22m[39m
[INFO] Index file does not exist, creating new index 
[INFO] Loaded 0 invoices from index, last sync: 2026-04-19T09:02:24.163Z 

[90mstdout[2m | tests/storage/file-manager.test.ts[2m > [22m[2mInvoice File Manager (file-manager.ts)[2m > [22m[2mSingle Invoice Save[2m > [22m[2mshould throw error if header is invalid[22m[39m
[INFO] InvoiceFileManager initialized with output dir: C:\Users\Thevu\AppData\Local\Temp\ksef-test-4oqYba 

[90mstdout[2m | tests/storage/file-manager.test.ts[2m > [22m[2mInvoice File Manager (file-manager.ts)[2m > [22m[2mSingle Invoice Save[2m > [22m[2mshould throw error if header is invalid[22m[39m
[INFO] Index file does not exist, creating new index 
[INFO] Loaded 0 invoices from index, last sync: 2026-04-19T09:02:24.173Z 

[90mstdout[2m | tests/storage/file-manager.test.ts[2m > [22m[2mInvoice File Manager (file-manager.ts)[2m > [22m[2mBatch Save[2m > [22m[2mshould save batch of invoices to correct folders[22m[39m
[INFO] InvoiceFileManager initialized with output dir: C:\Users\Thevu\AppData\Local\Temp\ksef-test-NObG4m 

[90mstdout[2m | tests/storage/file-manager.test.ts[2m > [22m[2mInvoice File Manager (file-manager.ts)[2m > [22m[2mBatch Save[2m > [22m[2mshould save batch of invoices to correct folders[22m[39m
[INFO] Index file does not exist, creating new index 
[INFO] Loaded 0 invoices from index, last sync: 2026-04-19T09:02:24.180Z 
[INFO] Processing batch of 3 invoices 
[INFO] Saving invoice: 1234567890-20240115-ABC123 

[90mstdout[2m | tests/storage/file-manager.test.ts[2m > [22m[2mInvoice File Manager (file-manager.ts)[2m > [22m[2mBatch Save[2m > [22m[2mshould save batch of invoices to correct folders[22m[39m
[INFO] Saved invoice to: C:\Users\Thevu\AppData\Local\Temp\ksef-test-NObG4m\2024-01\zakup\2024-01-15_5213000001_1234567890-20240115-ABC123.xml 

[90mstdout[2m | tests/storage/file-manager.test.ts[2m > [22m[2mInvoice File Manager (file-manager.ts)[2m > [22m[2mBatch Save[2m > [22m[2mshould save batch of invoices to correct folders[22m[39m
[INFO] Saved invoice index: 1 entries 
[INFO] Saving invoice: ref-2 

[90mstdout[2m | tests/storage/file-manager.test.ts[2m > [22m[2mInvoice File Manager (file-manager.ts)[2m > [22m[2mBatch Save[2m > [22m[2mshould save batch of invoices to correct folders[22m[39m
[INFO] Saved invoice to: C:\Users\Thevu\AppData\Local\Temp\ksef-test-NObG4m\2024-02\sprzedaz\2024-02-10_5213000001_ref-2.xml 

[90mstdout[2m | tests/storage/file-manager.test.ts[2m > [22m[2mInvoice File Manager (file-manager.ts)[2m > [22m[2mBatch Save[2m > [22m[2mshould save batch of invoices to correct folders[22m[39m
[INFO] Saved invoice index: 2 entries 
[INFO] Saving invoice: ref-3 

[90mstdout[2m | tests/storage/file-manager.test.ts[2m > [22m[2mInvoice File Manager (file-manager.ts)[2m > [22m[2mBatch Save[2m > [22m[2mshould save batch of invoices to correct folders[22m[39m
[INFO] Saved invoice to: C:\Users\Thevu\AppData\Local\Temp\ksef-test-NObG4m\2024-01\zakup\2024-01-20_5213000001_ref-3.xml 

[90mstdout[2m | tests/storage/file-manager.test.ts[2m > [22m[2mInvoice File Manager (file-manager.ts)[2m > [22m[2mBatch Save[2m > [22m[2mshould save batch of invoices to correct folders[22m[39m
[INFO] Saved invoice index: 3 entries 
[INFO] Batch processing complete: 3 saved, 0 skipped, 0 errors 

[90mstdout[2m | tests/storage/file-manager.test.ts[2m > [22m[2mInvoice File Manager (file-manager.ts)[2m > [22m[2mBatch Save[2m > [22m[2mshould skip duplicates in batch[22m[39m
[INFO] InvoiceFileManager initialized with output dir: C:\Users\Thevu\AppData\Local\Temp\ksef-test-MXT5VV 

[90mstdout[2m | tests/storage/file-manager.test.ts[2m > [22m[2mInvoice File Manager (file-manager.ts)[2m > [22m[2mBatch Save[2m > [22m[2mshould skip duplicates in batch[22m[39m
[INFO] Index file does not exist, creating new index 
[INFO] Loaded 0 invoices from index, last sync: 2026-04-19T09:02:24.225Z 
[INFO] Processing batch of 3 invoices 
[INFO] Saving invoice: 1234567890-20240115-ABC123 

[90mstdout[2m | tests/storage/file-manager.test.ts[2m > [22m[2mInvoice File Manager (file-manager.ts)[2m > [22m[2mBatch Save[2m > [22m[2mshould skip duplicates in batch[22m[39m
[INFO] Saved invoice to: C:\Users\Thevu\AppData\Local\Temp\ksef-test-MXT5VV\2024-01\zakup\2024-01-15_5213000001_1234567890-20240115-ABC123.xml 

[90mstderr[2m | tests/storage/file-manager.test.ts[2m > [22m[2mInvoice Fil
e Manager (file-manager.ts)[2m > [22m[2mBatch Save[2m > [22m[2mshould ski
p duplicates in batch[22m[39m
[WARN] Invoice 1234567890-20240115-ABC123 already exists, skipping 

[90mstdout[2m | tests/storage/file-manager.test.ts[2m > [22m[2mInvoice File Manager (file-manager.ts)[2m > [22m[2mBatch Save[2m > [22m[2mshould skip duplicates in batch[22m[39m
[INFO] Saved invoice index: 1 entries 
[INFO] Saving invoice: 1234567890-20240115-ABC123 
[INFO] Saving invoice: ref-3 

[90mstderr[2m | tests/storage/file-manager.test.ts[2m > [22m[2mInvoice Fil
e Manager (file-manager.ts)[2m > [22m[2mBatch Save[2m > [22m[2mshould ski
p duplicates in batch[22m[39m
<empty line>
[90mstdout[2m | tests/storage/file-manager.test.ts[2m > [22m[2mInvoice File Manager (file-manager.ts)[2m > [22m[2mBatch Save[2m > [22m[2mshould skip duplicates in batch[22m[39m
[INFO] Saved invoice to: C:\Users\Thevu\AppData\Local\Temp\ksef-test-MXT5VV\2024-01\zakup\2024-01-15_5213000001_ref-3.xml 

[90mstderr[2m | tests/storage/file-manager.test.ts[2m > [22m[2mInvoice Fil
e Manager (file-manager.ts)[2m > [22m[2mBatch Save[2m > [22m[2mshould ski
p duplicates in batch[22m[39m
<empty line>
[90mstdout[2m | tests/storage/file-manager.test.ts[2m > [22m[2mInvoice File Manager (file-manager.ts)[2m > [22m[2mBatch Save[2m > [22m[2mshould skip duplicates in batch[22m[39m
[INFO] Saved invoice index: 2 entries 
[INFO] Batch processing complete: 2 saved, 1 skipped, 0 errors 

[90mstdout[2m | tests/storage/file-manager.test.ts[2m > [22m[2mInvoice File Manager (file-manager.ts)[2m > [22m[2mBatch Save[2m > [22m[2mshould handle empty batch[22m[39m
[INFO] InvoiceFileManager initialized with output dir: C:\Users\Thevu\AppData\Local\Temp\ksef-test-SyCOcK 
[INFO] Index file does not exist, creating new index 
[INFO] Loaded 0 invoices from index, last sync: 2026-04-19T09:02:24.247Z 
[INFO] Processing batch of 0 invoices 
[INFO] Batch processing complete: 0 saved, 0 skipped, 0 errors 

[90mstdout[2m | tests/storage/file-manager.test.ts[2m > [22m[2mInvoice File Manager (file-manager.ts)[2m > [22m[2mBatch Save[2m > [22m[2mshould collect errors from invalid invoices[22m[39m
[INFO] InvoiceFileManager initialized with output dir: C:\Users\Thevu\AppData\Local\Temp\ksef-test-dcnJnj 

[90mstdout[2m | tests/storage/file-manager.test.ts[2m > [22m[2mInvoice File Manager (file-manager.ts)[2m > [22m[2mBatch Save[2m > [22m[2mshould collect errors from invalid invoices[22m[39m
[INFO] Index file does not exist, creating new index 
[INFO] Loaded 0 invoices from index, last sync: 2026-04-19T09:02:24.255Z 
[INFO] Processing batch of 2 invoices 
[INFO] Saving invoice: 1234567890-20240115-ABC123 

[90mstdout[2m | tests/storage/file-manager.test.ts[2m > [22m[2mInvoice File Manager (file-manager.ts)[2m > [22m[2mBatch Save[2m > [22m[2mshould collect errors from invalid invoices[22m[39m
[INFO] Saved invoice to: C:\Users\Thevu\AppData\Local\Temp\ksef-test-dcnJnj\2024-01\zakup\2024-01-15_5213000001_1234567890-20240115-ABC123.xml 

[90mstderr[2m | tests/storage/file-manager.test.ts[2m > [22m[2mInvoice Fil
e Manager (file-manager.ts)[2m > [22m[2mBatch Save[2m > [22m[2mshould col
lect errors from invalid invoices[22m[39m
[WARN] Error saving invoice in batch: XML content must be a non-empty string 

[90mstdout[2m | tests/storage/file-manager.test.ts[2m > [22m[2mInvoice File Manager (file-manager.ts)[2m > [22m[2mBatch Save[2m > [22m[2mshould collect errors from invalid invoices[22m[39m
[INFO] Saved invoice index: 1 entries 
[INFO] Batch processing complete: 1 saved, 0 skipped, 1 errors 

[90mstdout[2m | tests/storage/file-manager.test.ts[2m > [22m[2mInvoice File Manager (file-manager.ts)[2m > [22m[2mIndex Tracking[2m > [22m[2mshould update index after save[22m[39m
[INFO] InvoiceFileManager initialized with output dir: C:\Users\Thevu\AppData\Local\Temp\ksef-test-1tNSBj 

[90mstdout[2m | tests/storage/file-manager.test.ts[2m > [22m[2mInvoice File Manager (file-manager.ts)[2m > [22m[2mIndex Tracking[2m > [22m[2mshould update index after save[22m[39m
[INFO] Index file does not exist, creating new index 
[INFO] Loaded 0 invoices from index, last sync: 2026-04-19T09:02:24.273Z 
[INFO] Saving invoice: 1234567890-20240115-ABC123 

[90mstdout[2m | tests/storage/file-manager.test.ts[2m > [22m[2mInvoice File Manager (file-manager.ts)[2m > [22m[2mIndex Tracking[2m > [22m[2mshould update index after save[22m[39m
[INFO] Saved invoice to: C:\Users\Thevu\AppData\Local\Temp\ksef-test-1tNSBj\2024-01\zakup\2024-01-15_5213000001_1234567890-20240115-ABC123.xml 

[90mstdout[2m | tests/storage/file-manager.test.ts[2m > [22m[2mInvoice File Manager (file-manager.ts)[2m > [22m[2mIndex Tracking[2m > [22m[2mshould update index after save[22m[39m
[90mstderr[2m | tests/e2e/cli.test.ts[2m > [22m[2mCLI E2E Tests[2m > [22
m[2mSync Command[2m > [22m[2mshould skip duplicate invoices[22m[39m
[WARN] Invoice test-ref-123 already exists, skipping 

[90mstderr[2m | tests/e2e/cli.test.ts[2m > [22m[2mCLI E2E Tests[2m > [22
m[2mSync Command[2m > [22m[2mshould handle batch save with errors gracefull
y[22m[39m
[INFO] Saved invoice index: 1 entries 

[90mstdout[2m | tests/storage/file-manager.test.ts[2m > [22m[2mInvoice File Manager (file-manager.ts)[2m > [22m[2mIndex Tracking[2m > [22m[2mshould persist index to disk[22m[39m
[INFO] InvoiceFileManager initialized with output dir: C:\Users\Thevu\AppData\Local\Temp\ksef-test-9ihfbo 

[90mstdout[2m | tests/storage/file-manager.test.ts[2m > [22m[2mInvoice File Manager (file-manager.ts)[2m > [22m[2mIndex Tracking[2m > [22m[2mshould persist index to disk[22m[39m
[INFO] Index file does not exist, creating new index 
[INFO] Loaded 0 invoices from index, last sync: 2026-04-19T09:02:24.293Z 
[INFO] Saving invoice: 1234567890-20240115-ABC123 

[90mstdout[2m | tests/storage/file-manager.test.ts[2m > [22m[2mInvoice File Manager (file-manager.ts)[2m > [22m[2mIndex Tracking[2m > [22m[2mshould persist index to disk[22m[39m
[WARN] Error saving invoice in batch: XML content must be a non-empty string 

[INFO] Saved invoice to: C:\Users\Thevu\AppData\Local\Temp\ksef-test-9ihfbo\2024-01\zakup\2024-01-15_5213000001_1234567890-20240115-ABC123.xml 

[90mstdout[2m | tests/e2e/cli.test.ts[2m > [22m[2mCLI E2E Tests[2m > [22m[2mSync Command[2m > [22m[2mshould handle empty invoice list gracefully[22m[39m
[INFO] InvoiceFileManager initialized with output dir: C:\Users\Thevu\AppData\Local\Temp\ksef-e2e-test-1776589344274 

[90mstdout[2m | tests/storage/file-manager.test.ts[2m > [22m[2mInvoice File Manager (file-manager.ts)[2m > [22m[2mIndex Tracking[2m > [22m[2mshould persist index to disk[22m[39m
[INFO] Saved invoice index: 1 entries 
[INFO] InvoiceFileManager initialized with output dir: C:\Users\Thevu\AppData\Local\Temp\ksef-test-9ihfbo 

[90mstdout[2m | tests/storage/file-manager.test.ts[2m > [22m[2mInvoice File Manager (file-manager.ts)[2m > [22m[2mIndex Tracking[2m > [22m[2mshould persist index to disk[22m[39m
[INFO] Loaded invoice index: 1 entries 
[INFO] Loaded 1 invoices from index, last sync: 2026-04-19T09:02:24.297Z 

[90mstdout[2m | tests/e2e/cli.test.ts[2m > [22m[2mCLI E2E Tests[2m > [22m[2mSync Command[2m > [22m[2mshould handle empty invoice list gracefully[22m[39m
[INFO] Index file does not exist, creating new index 
[INFO] Loaded 0 invoices from index, last sync: 2026-04-19T09:02:24.296Z 

[90mstdout[2m | tests/e2e/cli.test.ts[2m > [22m[2mCLI E2E Tests[2m > [22m[2mSync Command[2m > [22m[2mshould skip duplicate invoices[22m[39m
[INFO] InvoiceFileManager initialized with output dir: C:\Users\Thevu\AppData\Local\Temp\ksef-e2e-test-1776589344274 
[INFO] Index file does not exist, creating new index 
[INFO] Loaded 0 invoices from index, last sync: 2026-04-19T09:02:24.304Z 
[INFO] Saving invoice: test-ref-123 

[90mstdout[2m | tests/storage/file-manager.test.ts[2m > [22m[2mInvoice File Manager (file-manager.ts)[2m > [22m[2mIndex Tracking[2m > [22m[2mshould track invoice metadata in index[22m[39m
[INFO] InvoiceFileManager initialized with output dir: C:\Users\Thevu\AppData\Local\Temp\ksef-test-uSDFbl 
[INFO] Index file does not exist, creating new index 
[INFO] Loaded 0 invoices from index, last sync: 2026-04-19T09:02:24.306Z 
[INFO] Saving invoice: 1234567890-20240115-ABC123 

[90mstdout[2m | tests/storage/file-manager.test.ts[2m > [22m[2mInvoice File Manager (file-manager.ts)[2m > [22m[2mIndex Tracking[2m > [22m[2mshould track invoice metadata in index[22m[39m
[INFO] Saved invoice to: C:\Users\Thevu\AppData\Local\Temp\ksef-test-uSDFbl\2024-03\zakup\2024-03-15_1234567890_1234567890-20240115-ABC123.xml 

[90mstdout[2m | tests/e2e/cli.test.ts[2m > [22m[2mCLI E2E Tests[2m > [22m[2mSync Command[2m > [22m[2mshould skip duplicate invoices[22m[39m
[INFO] Saved invoice to: C:\Users\Thevu\AppData\Local\Temp\ksef-e2e-test-1776589344274\2024-01\zakup\2024-01-15_5213000001_test-ref-123.xml 

[90mstdout[2m | tests/storage/file-manager.test.ts[2m > [22m[2mInvoice File Manager (file-manager.ts)[2m > [22m[2mIndex Tracking[2m > [22m[2mshould track invoice metadata in index[22m[39m
[INFO] Saved invoice index: 1 entries 

[90mstdout[2m | tests/storage/file-manager.test.ts[2m > [22m[2mInvoice File Manager (file-manager.ts)[2m > [22m[2mList Saved Invoices[2m > [22m[2mshould list all saved invoices[22m[39m
[INFO] InvoiceFileManager initialized with output dir: C:\Users\Thevu\AppData\Local\Temp\ksef-test-XB3J1Q 

[90mstdout[2m | tests/storage/file-manager.test.ts[2m > [22m[2mInvoice File Manager (file-manager.ts)[2m > [22m[2mList Saved Invoices[2m > [22m[2mshould list all saved invoices[22m[39m
[INFO] Index file does not exist, creating new index 
[INFO] Loaded 0 invoices from index, last sync: 2026-04-19T09:02:24.323Z 
[INFO] Processing batch of 3 invoices 
[INFO] Saving invoice: 1234567890-20240115-ABC123 

[90mstdout[2m | tests/e2e/cli.test.ts[2m > [22m[2mCLI E2E Tests[2m > [22m[2mSync Command[2m > [22m[2mshould skip duplicate invoices[22m[39m
[INFO] Saved invoice index: 1 entries 
[INFO] Saving invoice: test-ref-123 

[90mstdout[2m | tests/e2e/cli.test.ts[2m > [22m[2mCLI E2E Tests[2m > [22m[2mSync Command[2m > [22m[2mshould handle batch save with errors gracefully[22m[39m
[INFO] InvoiceFileManager initialized with output dir: C:\Users\Thevu\AppData\Local\Temp\ksef-e2e-test-1776589344274 

[90mstdout[2m | tests/e2e/cli.test.ts[2m > [22m[2mCLI E2E Tests[2m > [22m[2mSync Command[2m > [22m[2mshould handle batch save with errors gracefully[22m[39m
[INFO] Loaded invoice index: 1 entries 
[INFO] Loaded 1 invoices from index, last sync: 2026-04-19T09:02:24.309Z 
[INFO] Processing batch of 2 invoices 
[INFO] Saving invoice: ref-batch-1 

[90mstdout[2m | tests/e2e/cli.test.ts[2m > [22m[2mCLI E2E Tests[2m > [22m[2mSync Command[2m > [22m[2mshould handle batch save with errors gracefully[22m[39m
[INFO] Saved invoice to: C:\Users\Thevu\AppData\Local\Temp\ksef-e2e-test-1776589344274\2024-01\zakup\2024-01-20_5213000001_ref-batch-1.xml 

[90mstdout[2m | tests/e2e/cli.test.ts[2m > [22m[2mCLI E2E Tests[2m > [22m[2mSync Command[2m > [22m[2mshould handle batch save with errors gracefully[22m[39m
[INFO] Saved invoice index: 2 entries 
[INFO] Batch processing complete: 1 saved, 0 skipped, 1 errors 

[90mstdout[2m | tests/e2e/cli.test.ts[2m > [22m[2mCLI E2E Tests[2m > [22m[2mFile Manager Integration[2m > [22m[2mshould create correct folder structure[22m[39m
[INFO] InvoiceFileManager initialized with output dir: C:\Users\Thevu\AppData\Local\Temp\ksef-e2e-test-1776589344274 

[90mstdout[2m | tests/e2e/cli.test.ts[2m > [22m[2mCLI E2E Tests[2m > [22m[2mFile Manager Integration[2m > [22m[2mshould create correct folder structure[22m[39m
[INFO] Loaded invoice index: 2 entries 
[INFO] Loaded 2 invoices from index, last sync: 2026-04-19T09:02:24.322Z 
[INFO] Saving invoice: ref-structure-test 

[90mstdout[2m | tests/storage/file-manager.test.ts[2m > [22m[2mInvoice File Manager (file-manager.ts)[2m > [22m[2mList Saved Invoices[2m > [22m[2mshould list all saved invoices[22m[39m
[INFO] Saved invoice to: C:\Users\Thevu\AppData\Local\Temp\ksef-test-XB3J1Q\2024-01\zakup\2024-01-10_5213000001_1234567890-20240115-ABC123.xml 

[90mstdout[2m | tests/e2e/cli.test.ts[2m > [22m[2mCLI E2E Tests[2m > [22m[2mFile Manager Integration[2m > [22m[2mshould create correct folder structure[22m[39m
[INFO] Saved invoice to: C:\Users\Thevu\AppData\Local\Temp\ksef-e2e-test-1776589344274\2024-02\sprzedaz\2024-02-15_5213000001_ref-structure-test.xml 

[90mstdout[2m | tests/storage/file-manager.test.ts[2m > [22m[2mInvoice File Manager (file-manager.ts)[2m > [22m[2mList Saved Invoices[2m > [22m[2mshould list all saved invoices[22m[39m
[INFO] Saved invoice index: 1 entries 
[INFO] Saving invoice: ref-2 

[90mstdout[2m | tests/storage/file-manager.test.ts[2m > [22m[2mInvoice File Manager (file-manager.ts)[2m > [22m[2mList Saved Invoices[2m > [22m[2mshould list all saved invoices[22m[39m
[INFO] Saved invoice to: C:\Users\Thevu\AppData\Local\Temp\ksef-test-XB3J1Q\2024-01\zakup\2024-01-20_5213000001_ref-2.xml 

[90mstdout[2m | tests/storage/file-manager.test.ts[2m > [22m[2mInvoice File Manager (file-manager.ts)[2m > [22m[2mList Saved Invoices[2m > [22m[2mshould list all saved invoices[22m[39m
[INFO] Saved invoice index: 2 entries 
[INFO] Saving invoice: ref-3 

[90mstdout[2m | tests/storage/file-manager.test.ts[2m > [22m[2mInvoice File Manager (file-manager.ts)[2m > [22m[2mList Saved Invoices[2m > [22m[2mshould list all saved invoices[22m[39m
[INFO] Saved invoice to: C:\Users\Thevu\AppData\Local\Temp\ksef-test-XB3J1Q\2024-02\zakup\2024-02-10_5213000001_ref-3.xml 

[90mstdout[2m | tests/storage/file-manager.test.ts[2m > [22m[2mInvoice File Manager (file-manager.ts)[2m > [22m[2mList Saved Invoices[2m > [22m[2mshould list all saved invoices[22m[39m
[INFO] Saved invoice index: 3 entries 
[INFO] Batch processing complete: 3 saved, 0 skipped, 0 errors 
[INFO] Listed 3 saved invoices 

[90mstdout[2m | tests/storage/file-manager.test.ts[2m > [22m[2mInvoice File Manager (file-manager.ts)[2m > [22m[2mList Saved Invoices[2m > [22m[2mshould filter by date range[22m[39m
[INFO] InvoiceFileManager initialized with output dir: C:\Users\Thevu\AppData\Local\Temp\ksef-test-jaJBE5 
[INFO] Index file does not exist, creating new index 
[INFO] Loaded 0 invoices from index, last sync: 2026-04-19T09:02:24.365Z 
[INFO] Processing batch of 3 invoices 
[INFO] Saving invoice: 1234567890-20240115-ABC123 

[90mstdout[2m | tests/storage/file-manager.test.ts[2m > [22m[2mInvoice File Manager (file-manager.ts)[2m > [22m[2mList Saved Invoices[2m > [22m[2mshould filter by date range[22m[39m
[INFO] Saved invoice to: C:\Users\Thevu\AppData\Local\Temp\ksef-test-jaJBE5\2024-01\zakup\2024-01-10_5213000001_1234567890-20240115-ABC123.xml 

[90mstdout[2m | tests/storage/file-manager.test.ts[2m > [22m[2mInvoice File Manager (file-manager.ts)[2m > [22m[2mList Saved Invoices[2m > [22m[2mshould filter by date range[22m[39m
[INFO] Saved invoice index: 1 entries 
[INFO] Saving invoice: ref-2 

[90mstdout[2m | tests/storage/file-manager.test.ts[2m > [22m[2mInvoice File Manager (file-manager.ts)[2m > [22m[2mList Saved Invoices[2m > [22m[2mshould filter by date range[22m[39m
[INFO] Saved invoice to: C:\Users\Thevu\AppData\Local\Temp\ksef-test-jaJBE5\2024-01\zakup\2024-01-20_5213000001_ref-2.xml 

[90mstdout[2m | tests/storage/file-manager.test.ts[2m > [22m[2mInvoice File Manager (file-manager.ts)[2m > [22m[2mList Saved Invoices[2m > [22m[2mshould filter by date range[22m[39m
[INFO] Saved invoice index: 2 entries 
[INFO] Saving invoice: ref-3 

[90mstdout[2m | tests/storage/file-manager.test.ts[2m > [22m[2mInvoice File Manager (file-manager.ts)[2m > [22m[2mList Saved Invoices[2m > [22m[2mshould filter by date range[22m[39m
[INFO] Saved invoice to: C:\Users\Thevu\AppData\Local\Temp\ksef-test-jaJBE5\2024-02\zakup\2024-02-10_5213000001_ref-3.xml 

[90mstdout[2m | tests/storage/file-manager.test.ts[2m > [22m[2mInvoice File Manager (file-manager.ts)[2m > [22m[2mList Saved Invoices[2m > [22m[2mshould filter by date range[22m[39m
[INFO] Saved invoice index: 3 entries 
[INFO] Batch processing complete: 3 saved, 0 skipped, 0 errors 
[INFO] Listed 1 saved invoices 

[90mstdout[2m | tests/e2e/cli.test.ts[2m > [22m[2mCLI E2E Tests[2m > [22m[2mFile Manager Integration[2m > [22m[2mshould create correct folder structure[22m[39m
[INFO] Saved invoice index: 3 entries 

[90mstdout[2m | tests/e2e/cli.test.ts[2m > [22m[2mCLI E2E Tests[2m > [22m[2mFile Manager Integration[2m > [22m[2mshould generate correct file name format[22m[39m
[INFO] InvoiceFileManager initialized with output dir: C:\Users\Thevu\AppData\Local\Temp\ksef-e2e-test-1776589344274 

[90mstdout[2m | tests/e2e/cli.test.ts[2m > [22m[2mCLI E2E Tests[2m > [22m[2mFile Manager Integration[2m > [22m[2mshould generate correct file name format[22m[39m
[INFO] Loaded invoice index: 3 entries 
[INFO] Loaded 3 invoices from index, last sync: 2026-04-19T09:02:24.337Z 
[INFO] Saving invoice: ref-naming-test 

[90mstdout[2m | tests/e2e/cli.test.ts[2m > [22m[2mCLI E2E Tests[2m > [22m[2mFile Manager Integration[2m > [22m[2mshould generate correct file name format[22m[39m
[INFO] Saved invoice to: C:\Users\Thevu\AppData\Local\Temp\ksef-e2e-test-1776589344274\2024-03\zakup\2024-03-10_7891234567_ref-naming-test.xml 

[90mstdout[2m | tests/e2e/cli.test.ts[2m > [22m[2mCLI E2E Tests[2m > [22m[2mFile Manager Integration[2m > [22m[2mshould generate correct file name format[22m[39m
[INFO] Saved invoice index: 4 entries 

[90mstdout[2m | tests/e2e/cli.test.ts[2m > [22m[2mCLI E2E Tests[2m > [22m[2mFile Manager Integration[2m > [22m[2mshould track invoice metadata in index[22m[39m
[INFO] InvoiceFileManager initialized with output dir: C:\Users\Thevu\AppData\Local\Temp\ksef-e2e-test-1776589344274 

[90mstdout[2m | tests/e2e/cli.test.ts[2m > [22m[2mCLI E2E Tests[2m > [22m[2mFile Manager Integration[2m > [22m[2mshould track invoice metadata in index[22m[39m
[INFO] Loaded invoice index: 4 entries 
[INFO] Loaded 4 invoices from index, last sync: 2026-04-19T09:02:24.354Z 
[INFO] Saving invoice: ref-index-test 

[90mstdout[2m | tests/e2e/cli.test.ts[2m > [22m[2mCLI E2E Tests[2m > [22m[2mFile Manager Integration[2m > [22m[2mshould track invoice metadata in index[22m[39m
[INFO] Saved invoice to: C:\Users\Thevu\AppData\Local\Temp\ksef-e2e-test-1776589344274\2024-04\zakup\2024-04-05_1234567890_ref-index-test.xml 

[90mstdout[2m | tests/e2e/cli.test.ts[2m > [22m[2mCLI E2E Tests[2m > [22m[2mFile Manager Integration[2m > [22m[2mshould track invoice metadata in index[22m[39m
[INFO] Saved invoice index: 5 entries 

[90mstdout[2m | tests/e2e/cli.test.ts[2m > [22m[2mCLI E2E Tests[2m > [22m[2mFile Manager Integration[2m > [22m[2mshould list saved invoices with filters[22m[39m
[INFO] InvoiceFileManager initialized with output dir: C:\Users\Thevu\AppData\Local\Temp\ksef-e2e-test-1776589344274 

[90mstdout[2m | tests/e2e/cli.test.ts[2m > [22m[2mCLI E2E Tests[2m > [22m[2mFile Manager Integration[2m > [22m[2mshould list saved invoices with filters[22m[39m
[INFO] Loaded invoice index: 5 entries 
[INFO] Loaded 5 invoices from index, last sync: 2026-04-19T09:02:24.362Z 
[INFO] Saving invoice: ref-list-test 

[90mstdout[2m | tests/e2e/cli.test.ts[2m > [22m[2mCLI E2E Tests[2m > [22m[2mFile Manager Integration[2m > [22m[2mshould list saved invoices with filters[22m[39m
[INFO] Saved invoice to: C:\Users\Thevu\AppData\Local\Temp\ksef-e2e-test-1776589344274\2024-05\zakup\2024-05-10_5213000001_ref-list-test.xml 

[90mstdout[2m | tests/e2e/cli.test.ts[2m > [22m[2mCLI E2E Tests[2m > [22m[2mFile Manager Integration[2m > [22m[2mshould list saved invoices with filters[22m[39m
[INFO] Saved invoice index: 6 entries 
[INFO] Listed 6 saved invoices 

[90mstdout[2m | tests/e2e/cli.test.ts[2m > [22m[2mCLI E2E Tests[2m > [22m[2mError Handling[2m > [22m[2mshould handle empty batch save[22m[39m
[INFO] InvoiceFileManager initialized with output dir: C:\Users\Thevu\AppData\Local\Temp\ksef-e2e-test-1776589344274 

[90mstdout[2m | tests/e2e/cli.test.ts[2m > [22m[2mCLI E2E Tests[2m > [22m[2mError Handling[2m > [22m[2mshould handle empty batch save[22m[39m
[INFO] Loaded invoice index: 6 entries 
[INFO] Loaded 6 invoices from index, last sync: 2026-04-19T09:02:24.369Z 
[INFO] Processing batch of 0 invoices 
[INFO] Batch processing complete: 0 saved, 0 skipped, 0 errors 

[90mstdout[2m | tests/e2e/cli.test.ts[2m > [22m[2mCLI E2E Tests[2m > [22m[2mError Handling[2m > [22m[2mshould validate invoice data before saving[22m[39m
[INFO] InvoiceFileManager initialized with output dir: C:\Users\Thevu\AppData\Local\Temp\ksef-e2e-test-1776589344274 

[90mstdout[2m | tests/e2e/cli.test.ts[2m > [22m[2mCLI E2E Tests[2m > [22m[2mError Handling[2m > [22m[2mshould validate invoice data before saving[22m[39m
[INFO] Loaded invoice index: 6 entries 
[INFO] Loaded 6 invoices from index, last sync: 2026-04-19T09:02:24.369Z 
[INFO] Saving invoice:  

[90mstdout[2m | tests/e2e/cli.test.ts[2m > [22m[2mCLI E2E Tests[2m > [22m[2mStatistics[2m > [22m[2mshould calculate correct statistics[22m[39m
[INFO] InvoiceFileManager initialized with output dir: C:\Users\Thevu\AppData\Local\Temp\ksef-e2e-test-1776589344274 

[90mstdout[2m | tests/e2e/cli.test.ts[2m > [22m[2mCLI E2E Tests[2m > [22m[2mStatistics[2m > [22m[2mshould calculate correct statistics[22m[39m
[INFO] Loaded invoice index: 6 entries 
[INFO] Loaded 6 invoices from index, last sync: 2026-04-19T09:02:24.369Z 

[90mstdout[2m | tests/e2e/cli.test.ts[2m > [22m[2mCLI E2E Tests[2m > [22m[2mStatistics[2m > [22m[2mshould track download timestamps[22m[39m
[INFO] InvoiceFileManager initialized with output dir: C:\Users\Thevu\AppData\Local\Temp\ksef-e2e-test-1776589344274 

[90mstdout[2m | tests/e2e/cli.test.ts[2m > [22m[2mCLI E2E Tests[2m > [22m[2mStatistics[2m > [22m[2mshould track download timestamps[22m[39m
[INFO] Loaded invoice index: 6 entries 
[INFO] Loaded 6 invoices from index, last sync: 2026-04-19T09:02:24.369Z 
[INFO] Saving invoice: ref-timestamp-test 
[90mstderr[2m | tests/storage/file-manager.test.ts[2m > [22m[2mInvoice Fil
e Manager (file-manager.ts)[2m > [22m[2mDelete Invoice[2m > [22m[2mshould
 return false if invoice not found[22m[39m
[WARN] Invoice non-existent-ref not found in index 


[90mstdout[2m | tests/e2e/cli.test.ts[2m > [22m[2mCLI E2E Tests[2m > [22m[2mStatistics[2m > [22m[2mshould track download timestamps[22m[39m
[INFO] Saved invoice to: C:\Users\Thevu\AppData\Local\Temp\ksef-e2e-test-1776589344274\2024-06\zakup\2024-06-01_5213000001_ref-timestamp-test.xml 

[90mstdout[2m | tests/e2e/cli.test.ts[2m > [22m[2mCLI E2E Tests[2m > [22m[2mStatistics[2m > [22m[2mshould track download timestamps[22m[39m
[INFO] Saved invoice index: 7 entries 

 [33mÔŁ»[39m tests/e2e/cli.test.ts [2m ([22m[2m20 tests[22m [2m|[22m [31m1 failed[39m[2m)[22m[90m 155[2mms[22m[39m
[31m   [33mÔŁ»[31m tests/e2e/cli.test.ts[2m > [22mCLI E2E Tests[2m > [22mFile Manager Integration[2m > [22mshould list saved invoices with filters[39m
[31m     Ôćĺ expected false to be true // Object.is equality[39m
[90mstdout[2m | tests/storage/file-manager.test.ts[2m > [22m[2mInvoice File Manager (file-manager.ts)[2m > [22m[2mList Saved Invoices[2m > [22m[2mshould return empty list when no matches[22m[39m
[INFO] InvoiceFileManager initialized with output dir: C:\Users\Thevu\AppData\Local\Temp\ksef-test-6Aonde 
[INFO] Index file does not exist, creating new index 
[INFO] Loaded 0 invoices from index, last sync: 2026-04-19T09:02:24.398Z 
[INFO] Processing batch of 3 invoices 
[INFO] Saving invoice: 1234567890-20240115-ABC123 

[90mstdout[2m | tests/storage/file-manager.test.ts[2m > [22m[2mInvoice File Manager (file-manager.ts)[2m > [22m[2mList Saved Invoices[2m > [22m[2mshould return empty list when no matches[22m[39m
[INFO] Saved invoice to: C:\Users\Thevu\AppData\Local\Temp\ksef-test-6Aonde\2024-01\zakup\2024-01-10_5213000001_1234567890-20240115-ABC123.xml 

[90mstdout[2m | tests/storage/file-manager.test.ts[2m > [22m[2mInvoice File Manager (file-manager.ts)[2m > [22m[2mList Saved Invoices[2m > [22m[2mshould return empty list when no matches[22m[39m
[INFO] Saved invoice index: 1 entries 
[INFO] Saving invoice: ref-2 

[90mstdout[2m | tests/storage/file-manager.test.ts[2m > [22m[2mInvoice File Manager (file-manager.ts)[2m > [22m[2mList Saved Invoices[2m > [22m[2mshould return empty list when no matches[22m[39m
[INFO] Saved invoice to: C:\Users\Thevu\AppData\Local\Temp\ksef-test-6Aonde\2024-01\zakup\2024-01-20_5213000001_ref-2.xml 

[90mstdout[2m | tests/storage/file-manager.test.ts[2m > [22m[2mInvoice File Manager (file-manager.ts)[2m > [22m[2mList Saved Invoices[2m > [22m[2mshould return empty list when no matches[22m[39m
[INFO] Saved invoice index: 2 entries 
[INFO] Saving invoice: ref-3 

[90mstdout[2m | tests/storage/file-manager.test.ts[2m > [22m[2mInvoice File Manager (file-manager.ts)[2m > [22m[2mList Saved Invoices[2m > [22m[2mshould return empty list when no matches[22m[39m
[INFO] Saved invoice to: C:\Users\Thevu\AppData\Local\Temp\ksef-test-6Aonde\2024-02\zakup\2024-02-10_5213000001_ref-3.xml 

[90mstdout[2m | tests/storage/file-manager.test.ts[2m > [22m[2mInvoice File Manager (file-manager.ts)[2m > [22m[2mList Saved Invoices[2m > [22m[2mshould return empty list when no matches[22m[39m
[INFO] Saved invoice index: 3 entries 
[INFO] Batch processing complete: 3 saved, 0 skipped, 0 errors 
[INFO] Listed 0 saved invoices 

[90mstdout[2m | tests/storage/file-manager.test.ts[2m > [22m[2mInvoice File Manager (file-manager.ts)[2m > [22m[2mDelete Invoice[2m > [22m[2mshould delete invoice from disk and index[22m[39m
[INFO] InvoiceFileManager initialized with output dir: C:\Users\Thevu\AppData\Local\Temp\ksef-test-zR1HOr 

[90mstdout[2m | tests/storage/file-manager.test.ts[2m > [22m[2mInvoice File Manager (file-manager.ts)[2m > [22m[2mDelete Invoice[2m > [22m[2mshould delete invoice from disk and index[22m[39m
[INFO] Index file does not exist, creating new index 
[INFO] Loaded 0 invoices from index, last sync: 2026-04-19T09:02:24.429Z 
[INFO] Saving invoice: 1234567890-20240115-ABC123 

[90mstdout[2m | tests/storage/file-manager.test.ts[2m > [22m[2mInvoice File Manager (file-manager.ts)[2m > [22m[2mDelete Invoice[2m > [22m[2mshould delete invoice from disk and index[22m[39m
[INFO] Saved invoice to: C:\Users\Thevu\AppData\Local\Temp\ksef-test-zR1HOr\2024-01\zakup\2024-01-15_5213000001_1234567890-20240115-ABC123.xml 

[90mstdout[2m | tests/storage/file-manager.test.ts[2m > [22m[2mInvoice File Manager (file-manager.ts)[2m > [22m[2mDelete Invoice[2m > [22m[2mshould delete invoice from disk and index[22m[39m
[INFO] Saved invoice index: 1 entries 
[INFO] Deleting invoice: 1234567890-20240115-ABC123 

[90mstdout[2m | tests/storage/file-manager.test.ts[2m > [22m[2mInvoice File Manager (file-manager.ts)[2m > [22m[2mDelete Invoice[2m > [22m[2mshould delete invoice from disk and index[22m[39m
[INFO] Deleted file: C:\Users\Thevu\AppData\Local\Temp\ksef-test-zR1HOr\2024-01\zakup\2024-01-15_5213000001_1234567890-20240115-ABC123.xml 

[90mstdout[2m | tests/storage/file-manager.test.ts[2m > [22m[2mInvoice File Manager (file-manager.ts)[2m > [22m[2mDelete Invoice[2m > [22m[2mshould delete invoice from disk and index[22m[39m
[INFO] Saved invoice index: 0 entries 
[INFO] Deleted invoice from index: 1234567890-20240115-ABC123 

[90mstdout[2m | tests/storage/file-manager.test.ts[2m > [22m[2mInvoice File Manager (file-manager.ts)[2m > [22m[2mDelete Invoice[2m > [22m[2mshould return false if invoice not found[22m[39m
[INFO] InvoiceFileManager initialized with output dir: C:\Users\Thevu\AppData\Local\Temp\ksef-test-Ti0aT8 

[90mstdout[2m | tests/storage/file-manager.test.ts[2m > [22m[2mInvoice File Manager (file-manager.ts)[2m > [22m[2mDelete Invoice[2m > [22m[2mshould return false if invoice not found[22m[39m
[INFO] Index file does not exist, creating new index 
[INFO] Loaded 0 invoices from index, last sync: 2026-04-19T09:02:24.464Z 
[INFO] Deleting invoice: non-existent-ref 

[90mstdout[2m | tests/storage/file-manager.test.ts[2m > [22m[2mInvoice File Manager (file-manager.ts)[2m > [22m[2mDelete Invoice[2m > [22m[2mshould verify file is deleted from disk[22m[39m
[INFO] InvoiceFileManager initialized with output dir: C:\Users\Thevu\AppData\Local\Temp\ksef-test-OSUXbQ 

[90mstdout[2m | tests/storage/file-manager.test.ts[2m > [22m[2mInvoice File Manager (file-manager.ts)[2m > [22m[2mDelete Invoice[2m > [22m[2mshould verify file is deleted from disk[22m[39m
[INFO] Index file does not exist, creating new index 
[INFO] Loaded 0 invoices from index, last sync: 2026-04-19T09:02:24.467Z 
[INFO] Saving invoice: 1234567890-20240115-ABC123 

[90mstdout[2m | tests/storage/file-manager.test.ts[2m > [22m[2mInvoice File Manager (file-manager.ts)[2m > [22m[2mDelete Invoice[2m > [22m[2mshould verify file is deleted from disk[22m[39m
[INFO] Saved invoice to: C:\Users\Thevu\AppData\Local\Temp\ksef-test-OSUXbQ\2024-01\zakup\2024-01-15_5213000001_1234567890-20240115-ABC123.xml 

[90mstdout[2m | tests/storage/file-manager.test.ts[2m > [22m[2mInvoice File Manager (file-manager.ts)[2m > [22m[2mDelete Invoice[2m > [22m[2mshould verify file is deleted from disk[22m[39m
[INFO] Saved invoice index: 1 entries 

[90mstdout[2m | tests/storage/file-manager.test.ts[2m > [22m[2mInvoice File Manager (file-manager.ts)[2m > [22m[2mDelete Invoice[2m > [22m[2mshould verify file is deleted from disk[22m[39m
[INFO] Deleting invoice: 1234567890-20240115-ABC123 
[INFO] Deleted file: C:\Users\Thevu\AppData\Local\Temp\ksef-test-OSUXbQ\2024-01\zakup\2024-01-15_5213000001_1234567890-20240115-ABC123.xml 

[90mstdout[2m | tests/storage/file-manager.test.ts[2m > [22m[2mInvoice File Manager (file-manager.ts)[2m > [22m[2mDelete Invoice[2m > [22m[2mshould verify file is deleted from disk[22m[39m
[INFO] Saved invoice index: 0 entries 
[INFO] Deleted invoice from index: 1234567890-20240115-ABC123 

[90mstdout[2m | tests/storage/file-manager.test.ts[2m > [22m[2mInvoice File Manager (file-manager.ts)[2m > [22m[2mDelete Invoice[2m > [22m[2mshould persist deletion to disk[22m[39m
[INFO] InvoiceFileManager initialized with output dir: C:\Users\Thevu\AppData\Local\Temp\ksef-test-hm5inN 

[90mstdout[2m | tests/storage/file-manager.test.ts[2m > [22m[2mInvoice File Manager (file-manager.ts)[2m > [22m[2mDelete Invoice[2m > [22m[2mshould persist deletion to disk[22m[39m
[INFO] Index file does not exist, creating new index 
[INFO] Loaded 0 invoices from index, last sync: 2026-04-19T09:02:24.490Z 
[INFO] Saving invoice: 1234567890-20240115-ABC123 

[90mstdout[2m | tests/storage/file-manager.test.ts[2m > [22m[2mInvoice File Manager (file-manager.ts)[2m > [22m[2mDelete Invoice[2m > [22m[2mshould persist deletion to disk[22m[39m
[INFO] Saved invoice to: C:\Users\Thevu\AppData\Local\Temp\ksef-test-hm5inN\2024-01\zakup\2024-01-15_5213000001_1234567890-20240115-ABC123.xml 

[90mstdout[2m | tests/storage/file-manager.test.ts[2m > [22m[2mInvoice File Manager (file-manager.ts)[2m > [22m[2mDelete Invoice[2m > [22m[2mshould persist deletion to disk[22m[39m
[INFO] Saved invoice index: 1 entries 
[INFO] Deleting invoice: 1234567890-20240115-ABC123 

[90mstdout[2m | tests/storage/file-manager.test.ts[2m > [22m[2mInvoice File Manager (file-manager.ts)[2m > [22m[2mDelete Invoice[2m > [22m[2mshould persist deletion to disk[22m[39m
[INFO] Deleted file: C:\Users\Thevu\AppData\Local\Temp\ksef-test-hm5inN\2024-01\zakup\2024-01-15_5213000001_1234567890-20240115-ABC123.xml 

[90mstdout[2m | tests/storage/file-manager.test.ts[2m > [22m[2mInvoice File Manager (file-manager.ts)[2m > [22m[2mDelete Invoice[2m > [22m[2mshould persist deletion to disk[22m[39m
[INFO] Saved invoice index: 0 entries 
[INFO] Deleted invoice from index: 1234567890-20240115-ABC123 
[INFO] InvoiceFileManager initialized with output dir: C:\Users\Thevu\AppData\Local\Temp\ksef-test-hm5inN 
[INFO] Loaded invoice index: 0 entries 
[INFO] Loaded 0 invoices from index, last sync: 2026-04-19T09:02:24.500Z 

[90mstdout[2m | tests/storage/file-manager.test.ts[2m > [22m[2mInvoice File Manager (file-manager.ts)[2m > [22m[2mError Handling[2m > [22m[2mshould throw error if not initialized[22m[39m
[INFO] InvoiceFileManager initialized with output dir: C:\Users\Thevu\AppData\Local\Temp\ksef-test-tEEi0H 
[INFO] Index file does not exist, creating new index 
[INFO] Loaded 0 invoices from index, last sync: 2026-04-19T09:02:24.506Z 
[INFO] InvoiceFileManager initialized with output dir: C:\Users\Thevu\AppData\Local\Temp\ksef-test-tEEi0H 

[90mstdout[2m | tests/storage/file-manager.test.ts[2m > [22m[2mInvoice File Manager (file-manager.ts)[2m > [22m[2mError Handling[2m > [22m[2mshould provide readable error for invalid NIP[22m[39m
[INFO] InvoiceFileManager initialized with output dir: C:\Users\Thevu\AppData\Local\Temp\ksef-test-Ni0VTn 
[INFO] Index file does not exist, creating new index 
[INFO] Loaded 0 invoices from index, last sync: 2026-04-19T09:02:24.510Z 
[INFO] Saving invoice: 1234567890-20240115-ABC123 
[31mÔÄ»ÔÄ»ÔÄ»ÔÄ»ÔÄ»ÔÄ»ÔÄ»[1m[7m Failed Tests 1 [27m[22mÔÄ»ÔÄ»ÔÄ»ÔÄ»ÔÄ»ÔÄ»Ô
Ä»[39m

[31m[1m[7m FAIL [27m[22m[39m tests/e2e/cli.test.ts[2m > [22mCLI E2E Tes
ts[2m > [22mFile Manager Integration[2m > [22mshould list saved invoices wi
th filters
[31m[1mAssertionError[22m: expected false to be true // Object.is equality[
39m

[32m- Expected[39m
[31m+ Received[39m

[32m- true[39m
[31m+ false[39m

[90mstdout[2m | tests/storage/file-manager.test.ts[2m > [22m[2mInvoice File Manager (file-manager.ts)[2m > [22m[2mError Handling[2m > [22m[2mshould handle permission errors gracefully[22m[39m
[INFO] InvoiceFileManager initialized with output dir: C:\Users\Thevu\AppData\Local\Temp\ksef-test-DZTmnk 
[INFO] Index file does not exist, creating new index 
[INFO] Loaded 0 invoices from index, last sync: 2026-04-19T09:02:24.513Z 

[90mstdout[2m | tests/storage/file-manager.test.ts[2m > [22m[2mInvoice File Manager (file-manager.ts)[2m > [22m[2mError Handling[2m > [22m[2mshould clean up temp files on write failure[22m[39m
[INFO] InvoiceFileManager initialized with output dir: C:\Users\Thevu\AppData\Local\Temp\ksef-test-iB7xb0 
[INFO] Index file does not exist, creating new index 
[INFO] Loaded 0 invoices from index, last sync: 2026-04-19T09:02:24.516Z 
[INFO] Saving invoice: 1234567890-20240115-ABC123 

[36m [2mÔŁ»[22m tests/e2e/cli.test.ts:[2m208:37[22m[39m
    [90m206| [39m      })[33m;[39m
    [90m207| [39m
    [90m208| [39m      [34mexpect[39m([33mArray[39m[33m.[39m[34misArra
y[39m(result))[33m.[39m[34mtoBe[39m([35mtrue[39m)[33m;[39m
    [90m   | [39m                                    [31m^[39m
    [90m209| [39m    })[33m;[39m
    [90m210| [39m  })[33m;[39m


[90mstdout[2m | tests/storage/file-manager.test.ts[2m > [22m[2mInvoice File Manager (file-manager.ts)[2m > [22m[2mError Handling[2m > [22m[2mshould clean up temp files on write failure[22m[39m
[INFO] Saved invoice to: C:\Users\Thevu\AppData\Local\Temp\ksef-test-iB7xb0\2024-01\zakup\2024-01-15_5213000001_1234567890-20240115-ABC123.xml 

[90mstdout[2m | tests/storage/file-manager.test.ts[2m > [22m[2mInvoice File Manager (file-manager.ts)[2m > [22m[2mError Handling[2m > [22m[2mshould clean up temp files on write failure[22m[39m
[INFO] Saved invoice index: 1 entries 

 [32mÔťô[39m tests/storage/file-manager.test.ts [2m ([22m[2m53 tests[22m[2m)[22m[33m 700[2mms[22m[39m

[2m Test Files [22m [1m[31m1 failed[39m[22m[2m | [22m[1m[32m2 passed[39m[22m[90m (3)[39m
[31m[2mÔÄ»ÔÄ»ÔÄ»ÔÄ»ÔÄ»ÔÄ»ÔÄ»ÔÄ»ÔÄ»ÔÄ»ÔÄ»ÔÄ»ÔÄ»ÔÄ»ÔÄ»ÔÄ»ÔÄ»ÔÄ»ÔÄ»ÔÄ»ÔÄ»ÔÄ»ÔÄ»Ô
Ä»[1/1]ÔÄ»[22m[39m

[2m      Tests [22m [1m[31m1 failed[39m[22m[2m | [22m[1m[32m92 passed[39m[22m[90m (93)[39m
[2m   Start at [22m 11:02:22
[2m   Duration [22m 1.91s[2m (transform 430ms, setup 1ms, collect 1.23s, tests 953ms, environment 1ms, prepare 940ms)[22m

